"GET /post/download/3/ HTTP/1.1" 200 326627
"GET /posts/self HTTP/1.1" 200 20033
"GET /static/style.css HTTP/1.1" 304 0
"GET /post/edit/3/ HTTP/1.1" 200 19152
"POST /post/edit/3/ HTTP/1.1" 302 0
"GET / HTTP/1.1" 200 22904
"GET /posts/self HTTP/1.1" 200 20061
"GET /post/edit/3/ HTTP/1.1" 200 19152
"GET /post/edit/3/ HTTP/1.1" 200 19152
"GET /post/edit/3/ HTTP/1.1" 200 19152
"GET /static/style.css HTTP/1.1" 304 0
"GET /posts/self HTTP/1.1" 200 20061
"GET /post/edit/3/ HTTP/1.1" 200 19164
"GET /posts/self HTTP/1.1" 200 20061
"GET /post/delete/3/ HTTP/1.1" 200 17773
"GET / HTTP/1.1" 200 22904
"GET /posts/self HTTP/1.1" 200 20061
"GET /post/delete/3/ HTTP/1.1" 200 17773
"GET /static/style.css HTTP/1.1" 304 0
"POST /post/delete/3/ HTTP/1.1" 302 0
"GET / HTTP/1.1" 200 20587
"GET /post/new/ HTTP/1.1" 200 18871
"POST /post/new/ HTTP/1.1" 302 0
"GET / HTTP/1.1" 200 22911
"GET /?q=te HTTP/1.1" 200 20496
"GET /post/download/4/ HTTP/1.1" 200 5815
"GET /posts/self HTTP/1.1" 200 20068
"GET /post/delete/4/ HTTP/1.1" 200 17780
"POST /post/delete/4/ HTTP/1.1" 302 0
"GET / HTTP/1.1" 200 20587
"GET / HTTP/1.1" 200 20587
"GET /static/style.css HTTP/1.1" 304 0
"GET /static/assets/demo/default/media/img/misc/project.png HTTP/1.1" 304 0
"GET /static/assets/demo/default/base/style.bundle.css HTTP/1.1" 304 0
"GET /static/assets/demo/default/media/img/logo/report.svg HTTP/1.1" 304 0
"GET /accounts/logout/ HTTP/1.1" 302 0
"GET / HTTP/1.1" 200 20162
"GET /accounts/login/ HTTP/1.1" 200 17900
"POST /accounts/login/ HTTP/1.1" 302 0
"GET / HTTP/1.1" 200 21699
"GET /tags/ HTTP/1.1" 200 18100
"GET /tags/ HTTP/1.1" 200 18140
"GET /tag/new/ HTTP/1.1" 200 18473
"GET /tags/ HTTP/1.1" 200 18198
"GET /posts/self HTTP/1.1" 200 21291
"GET /post/new/ HTTP/1.1" 200 19407
"GET / HTTP/1.1" 200 22296
"GET / HTTP/1.1" 200 22128
"GET /posts/self HTTP/1.1" 200 21129
"GET /post/delete/1/ HTTP/1.1" 200 19157
"GET / HTTP/1.1" 200 22128
"GET / HTTP/1.1" 200 22128
"GET /post/delete/1/ HTTP/1.1" 200 19127
"GET / HTTP/1.1" 200 22128
"GET /posts/self HTTP/1.1" 200 21129
"GET /tags/ HTTP/1.1" 200 18036
"GET /tags/python/ HTTP/1.1" 200 20772
"GET /tags/ HTTP/1.1" 200 18036
"GET /posts/self HTTP/1.1" 200 21129
"GET /post/delete/1/ HTTP/1.1" 200 19181
"GET / HTTP/1.1" 200 22128
"GET / HTTP/1.1" 200 22128
"GET /static/style.css HTTP/1.1" 304 0
"GET /tags/ HTTP/1.1" 200 18977
"GET / HTTP/1.1" 200 22128
"GET /tags/ HTTP/1.1" 200 18977
"GET /tag/new/ HTTP/1.1" 200 19304
"GET /tags/ HTTP/1.1" 200 18977
"GET /tag/new/ HTTP/1.1" 200 19304
"GET /tag/new/ HTTP/1.1" 200 19304
"GET /tag/new/ HTTP/1.1" 200 19514
"GET /tag/new/ HTTP/1.1" 200 19570
"GET /tag/new/ HTTP/1.1" 200 19570
"GET /static/assets/demo/default/media/img/misc/project.png HTTP/1.1" 304 0
"GET /static/assets/demo/default/media/img/logo/report.svg HTTP/1.1" 304 0
"GET /tag/new/ HTTP/1.1" 200 19598
"GET /tag/new/ HTTP/1.1" 200 19585
"GET /tag/new/ HTTP/1.1" 200 19585
"GET /tag/new/ HTTP/1.1" 200 19585
"GET /static/assets/vendors/custom/fullcalendar/fullcalendar.bundle.css HTTP/1.1" 200 16538
"GET /static/style.css HTTP/1.1" 200 4822
"GET /static/assets/demo/default/media/img/misc/project.png HTTP/1.1" 200 38261
"GET /static/assets/vendors/base/vendors.bundle.css HTTP/1.1" 200 346285
"GET /static/assets/demo/default/base/scripts.bundle.js HTTP/1.1" 200 125324
"GET /static/assets/vendors/custom/fullcalendar/fullcalendar.bundle.js HTTP/1.1" 200 217535
"GET /static/assets/demo/default/base/style.bundle.css HTTP/1.1" 200 1482577
"GET /static/assets/vendors/base/vendors.bundle.js HTTP/1.1" 200 1720576
"GET /static/assets/vendors/base/fonts/line-awesome/line-awesome.woff2?v=1.1. HTTP/1.1" 200 45108
"GET /static/assets/vendors/base/fonts/flaticon/Flaticon.woff HTTP/1.1" 200 45796
"GET /static/assets/demo/default/media/img/logo/report.svg HTTP/1.1" 200 5321
"GET /tag/new/ HTTP/1.1" 200 19585
"GET /static/style.css HTTP/1.1" 200 4823
"GET /static/assets/vendors/base/fonts/metronic/Metronic_fda1334c35d0f5fe2afb3afebbb6774a.woff2 HTTP/1.1" 200 788
"GET /tags/ HTTP/1.1" 200 18949
"GET /static/style.css HTTP/1.1" 304 0
"GET /tag/new/ HTTP/1.1" 200 19585
"GET /static/style.css HTTP/1.1" 304 0
"GET / HTTP/1.1" 200 22128
"GET /tags/ HTTP/1.1" 200 18949
"GET /static/style.css HTTP/1.1" 304 0
"GET /tags/ HTTP/1.1" 200 18949
"GET /static/style.css HTTP/1.1" 304 0
"GET /tags/ HTTP/1.1" 200 18949
"GET /static/style.css HTTP/1.1" 304 0
"GET / HTTP/1.1" 200 22128
"GET / HTTP/1.1" 200 22128
"GET /static/style.css HTTP/1.1" 304 0
"GET /posts/self HTTP/1.1" 200 21129
"GET /post/edit/1/ HTTP/1.1" 200 21044
"GET /static/assets/demo/default/media/img/misc/background.jpg HTTP/1.1" 200 22245
"GET /static/style.css HTTP/1.1" 304 0
"POST /post/edit/1/ HTTP/1.1" 302 0
"GET / HTTP/1.1" 200 22128
"GET /static/style.css HTTP/1.1" 304 0
"GET /posts/self HTTP/1.1" 200 21129
"GET /post/edit/1/ HTTP/1.1" 200 21044
"GET /post/edit/1/ HTTP/1.1" 200 21056
"GET /static/style.css HTTP/1.1" 304 0
"GET /post/edit/1/ HTTP/1.1" 200 21056
"GET /static/style.css HTTP/1.1" 304 0
"GET /post/edit/1/ HTTP/1.1" 200 21056
Internal Server Error: /post/edit/1/
Traceback (most recent call last):
  File "/Users/cellofun/django/django/django/template/defaulttags.py", line 1020, in find_library
    return parser.libraries[name]
KeyError: 'thumbnail'

During handling of the above exception, another exception occurred:

Traceback (most recent call last):
  File "/Users/cellofun/django/django/django/core/handlers/exception.py", line 34, in inner
    response = get_response(request)
  File "/Users/cellofun/django/django/django/core/handlers/base.py", line 157, in _get_response
    response = self.process_exception_by_middleware(e, request)
  File "/Users/cellofun/django/django/django/core/handlers/base.py", line 155, in _get_response
    response = response.render()
  File "/Users/cellofun/django/django/django/template/response.py", line 106, in render
    self.content = self.rendered_content
  File "/Users/cellofun/django/django/django/template/response.py", line 81, in rendered_content
    template = self.resolve_template(self.template_name)
  File "/Users/cellofun/django/django/django/template/response.py", line 63, in resolve_template
    return select_template(template, using=self.using)
  File "/Users/cellofun/django/django/django/template/loader.py", line 42, in select_template
    return engine.get_template(template_name)
  File "/Users/cellofun/django/django/django/template/backends/django.py", line 34, in get_template
    return Template(self.engine.get_template(template_name), self)
  File "/Users/cellofun/django/django/django/template/engine.py", line 143, in get_template
    template, origin = self.find_template(template_name)
  File "/Users/cellofun/django/django/django/template/engine.py", line 125, in find_template
    template = loader.get_template(name, skip=skip)
  File "/Users/cellofun/django/django/django/template/loaders/base.py", line 30, in get_template
    contents, origin, origin.template_name, self.engine,
  File "/Users/cellofun/django/django/django/template/base.py", line 156, in __init__
    self.nodelist = self.compile_nodelist()
  File "/Users/cellofun/django/django/django/template/base.py", line 194, in compile_nodelist
    return parser.parse()
  File "/Users/cellofun/django/django/django/template/base.py", line 478, in parse
    raise self.error(token, e)
  File "/Users/cellofun/django/django/django/template/base.py", line 476, in parse
    compiled_result = compile_func(self, token)
  File "/Users/cellofun/django/django/django/template/loader_tags.py", line 266, in do_extends
    nodelist = parser.parse()
  File "/Users/cellofun/django/django/django/template/base.py", line 478, in parse
    raise self.error(token, e)
  File "/Users/cellofun/django/django/django/template/base.py", line 476, in parse
    compiled_result = compile_func(self, token)
  File "/Users/cellofun/django/django/django/template/loader_tags.py", line 209, in do_block
    nodelist = parser.parse(('endblock',))
  File "/Users/cellofun/django/django/django/template/base.py", line 478, in parse
    raise self.error(token, e)
  File "/Users/cellofun/django/django/django/template/base.py", line 476, in parse
    compiled_result = compile_func(self, token)
  File "/Users/cellofun/django/django/django/template/defaulttags.py", line 1077, in load
    lib = find_library(parser, name)
  File "/Users/cellofun/django/django/django/template/defaulttags.py", line 1024, in find_library
    name, "\n".join(sorted(parser.libraries)),
django.template.exceptions.TemplateSyntaxError: 'thumbnail' is not a registered tag library. Must be one of:
admin_list
admin_modify
admin_static
admin_urls
cache
i18n
l10n
log
static
staticfiles
tz
"GET /post/edit/1/ HTTP/1.1" 500 170199
Not Found: /favicon.ico
"GET /favicon.ico HTTP/1.1" 404 4227
Internal Server Error: /post/edit/1/
Traceback (most recent call last):
  File "/Users/cellofun/django/django/django/template/defaulttags.py", line 1020, in find_library
    return parser.libraries[name]
KeyError: 'crispy_forms_field'

During handling of the above exception, another exception occurred:

Traceback (most recent call last):
  File "/Users/cellofun/django/django/django/core/handlers/exception.py", line 34, in inner
    response = get_response(request)
  File "/Users/cellofun/django/django/django/core/handlers/base.py", line 157, in _get_response
    response = self.process_exception_by_middleware(e, request)
  File "/Users/cellofun/django/django/django/core/handlers/base.py", line 155, in _get_response
    response = response.render()
  File "/Users/cellofun/django/django/django/template/response.py", line 106, in render
    self.content = self.rendered_content
  File "/Users/cellofun/django/django/django/template/response.py", line 81, in rendered_content
    template = self.resolve_template(self.template_name)
  File "/Users/cellofun/django/django/django/template/response.py", line 63, in resolve_template
    return select_template(template, using=self.using)
  File "/Users/cellofun/django/django/django/template/loader.py", line 42, in select_template
    return engine.get_template(template_name)
  File "/Users/cellofun/django/django/django/template/backends/django.py", line 34, in get_template
    return Template(self.engine.get_template(template_name), self)
  File "/Users/cellofun/django/django/django/template/engine.py", line 143, in get_template
    template, origin = self.find_template(template_name)
  File "/Users/cellofun/django/django/django/template/engine.py", line 125, in find_template
    template = loader.get_template(name, skip=skip)
  File "/Users/cellofun/django/django/django/template/loaders/base.py", line 30, in get_template
    contents, origin, origin.template_name, self.engine,
  File "/Users/cellofun/django/django/django/template/base.py", line 156, in __init__
    self.nodelist = self.compile_nodelist()
  File "/Users/cellofun/django/django/django/template/base.py", line 194, in compile_nodelist
    return parser.parse()
  File "/Users/cellofun/django/django/django/template/base.py", line 478, in parse
    raise self.error(token, e)
  File "/Users/cellofun/django/django/django/template/base.py", line 476, in parse
    compiled_result = compile_func(self, token)
  File "/Users/cellofun/django/django/django/template/loader_tags.py", line 266, in do_extends
    nodelist = parser.parse()
  File "/Users/cellofun/django/django/django/template/base.py", line 478, in parse
    raise self.error(token, e)
  File "/Users/cellofun/django/django/django/template/base.py", line 476, in parse
    compiled_result = compile_func(self, token)
  File "/Users/cellofun/django/django/django/template/loader_tags.py", line 209, in do_block
    nodelist = parser.parse(('endblock',))
  File "/Users/cellofun/django/django/django/template/base.py", line 478, in parse
    raise self.error(token, e)
  File "/Users/cellofun/django/django/django/template/base.py", line 476, in parse
    compiled_result = compile_func(self, token)
  File "/Users/cellofun/django/django/django/template/defaulttags.py", line 1077, in load
    lib = find_library(parser, name)
  File "/Users/cellofun/django/django/django/template/defaulttags.py", line 1024, in find_library
    name, "\n".join(sorted(parser.libraries)),
django.template.exceptions.TemplateSyntaxError: 'crispy_forms_field' is not a registered tag library. Must be one of:
admin_list
admin_modify
admin_static
admin_urls
cache
i18n
l10n
log
static
staticfiles
tz
"GET /post/edit/1/ HTTP/1.1" 500 170191
"GET /post/edit/1/ HTTP/1.1" 200 21046
"GET /static/style.css HTTP/1.1" 304 0
"GET /post/edit/1/ HTTP/1.1" 200 21056
"GET /post/edit/1/ HTTP/1.1" 200 21056
"GET /static/assets/vendors/custom/fullcalendar/fullcalendar.bundle.css HTTP/1.1" 200 16538
"GET /static/assets/vendors/base/vendors.bundle.css HTTP/1.1" 200 346285
"GET /static/style.css HTTP/1.1" 200 4823
"GET /static/assets/demo/default/media/img/misc/project.png HTTP/1.1" 200 38261
"GET /static/assets/demo/default/base/scripts.bundle.js HTTP/1.1" 200 125324
"GET /static/assets/demo/default/base/style.bundle.css HTTP/1.1" 200 1482577
"GET /static/assets/vendors/base/vendors.bundle.js HTTP/1.1" 200 1720576
"GET /static/assets/vendors/custom/fullcalendar/fullcalendar.bundle.js HTTP/1.1" 200 217535
"GET /static/assets/demo/default/media/img/misc/background.jpg HTTP/1.1" 200 22245
"GET /static/assets/vendors/base/fonts/flaticon/Flaticon.woff HTTP/1.1" 200 45796
"GET /static/assets/vendors/base/fonts/line-awesome/line-awesome.woff2?v=1.1. HTTP/1.1" 200 45108
"GET /static/assets/demo/default/media/img/logo/report.svg HTTP/1.1" 200 5321
"GET / HTTP/1.1" 200 22128
"GET /static/assets/vendors/base/fonts/metronic/Metronic_fda1334c35d0f5fe2afb3afebbb6774a.woff2 HTTP/1.1" 200 788
"GET /posts/self HTTP/1.1" 200 21129
"GET /tags/ HTTP/1.1" 200 18949
"GET /tag/new/ HTTP/1.1" 200 19585
"GET /tag/new/ HTTP/1.1" 200 19585
"GET /tag/new/ HTTP/1.1" 200 19585
"GET /about/ HTTP/1.1" 200 19122
"GET /static/style.css HTTP/1.1" 200 4823
"GET /static/assets/vendors/custom/fullcalendar/fullcalendar.bundle.css HTTP/1.1" 200 16538
"GET /static/assets/vendors/base/vendors.bundle.css HTTP/1.1" 200 346285
"GET /static/assets/demo/default/media/img/misc/project.png HTTP/1.1" 200 38261
"GET /static/assets/demo/default/base/scripts.bundle.js HTTP/1.1" 200 125324
"GET /static/assets/vendors/custom/fullcalendar/fullcalendar.bundle.js HTTP/1.1" 200 217535
"GET /static/assets/demo/default/base/style.bundle.css HTTP/1.1" 200 1482577
"GET /static/assets/vendors/base/vendors.bundle.js HTTP/1.1" 200 1720576
"GET /static/assets/vendors/base/fonts/flaticon/Flaticon.woff HTTP/1.1" 200 45796
"GET /static/assets/demo/default/media/img/logo/report.svg HTTP/1.1" 200 5321
"GET /static/assets/vendors/base/fonts/metronic/Metronic_fda1334c35d0f5fe2afb3afebbb6774a.woff2 HTTP/1.1" 200 788
"GET /static/assets/vendors/base/fonts/line-awesome/line-awesome.woff2?v=1.1. HTTP/1.1" 200 45108
"GET /tags/ HTTP/1.1" 200 18949
"GET /posts/self HTTP/1.1" 200 21129
"GET /post/edit/1/ HTTP/1.1" 200 21056
"GET /static/assets/demo/default/media/img/misc/background.jpg HTTP/1.1" 200 22245
"GET /posts/self HTTP/1.1" 200 21129
"GET / HTTP/1.1" 200 23168
"GET /post/new/ HTTP/1.1" 200 19245
"GET / HTTP/1.1" 200 23175
"GET / HTTP/1.1" 200 23175
"GET /post/new/ HTTP/1.1" 200 19245
"GET /post/new/ HTTP/1.1" 200 20276
"GET /static/style.css HTTP/1.1" 304 0
"GET /post/new/ HTTP/1.1" 200 20294
"GET /post/new/ HTTP/1.1" 200 20294
"GET /posts/self HTTP/1.1" 200 21129
"GET /posts/self HTTP/1.1" 200 22500
"GET / HTTP/1.1" 200 23175
"GET /post/new/ HTTP/1.1" 200 20294
"GET / HTTP/1.1" 200 23175
"GET /post/new/ HTTP/1.1" 200 20294
"GET /post/new/ HTTP/1.1" 200 20682
"GET /static/style.css HTTP/1.1" 304 0
"GET /posts/self HTTP/1.1" 200 22500
"GET /post/new/ HTTP/1.1" 200 20682
"GET / HTTP/1.1" 200 23175
"GET /post/new/ HTTP/1.1" 200 20682
"GET /post/new/ HTTP/1.1" 200 20294
"GET /post/new/ HTTP/1.1" 200 17374
"GET /static/style.css HTTP/1.1" 304 0
"GET /post/new/ HTTP/1.1" 200 17370
"GET / HTTP/1.1" 200 20251
"GET / HTTP/1.1" 200 20251
"GET / HTTP/1.1" 200 20251
"GET / HTTP/1.1" 200 20266
"GET /posts/self HTTP/1.1" 200 19591
"GET /post/new/ HTTP/1.1" 200 17385
"GET /tags/ HTTP/1.1" 200 16040
"GET /static/style.css HTTP/1.1" 304 0
"GET /tag/new/ HTTP/1.1" 200 16676
"GET /tag/new/ HTTP/1.1" 200 16676
"GET /tag/new/ HTTP/1.1" 200 16676
"GET / HTTP/1.1" 200 20266
"GET /post/new/ HTTP/1.1" 200 17385
"GET /post/new/ HTTP/1.1" 200 17385
"GET / HTTP/1.1" 200 20266
"GET /posts/self HTTP/1.1" 200 19591
"GET /tags/ HTTP/1.1" 200 16040
"GET /tag/new/ HTTP/1.1" 200 16676
"GET /posts/self HTTP/1.1" 200 19591
"GET /post/new/ HTTP/1.1" 200 17385
"GET /tags/ HTTP/1.1" 200 16040
"GET /about/ HTTP/1.1" 200 16213
"GET /static/style.css HTTP/1.1" 304 0
"GET /about/ HTTP/1.1" 200 18402
"GET /static/style.css HTTP/1.1" 200 4787
"GET /about/ HTTP/1.1" 200 18382
"GET /static/style.css HTTP/1.1" 304 0
"GET /static/style.css HTTP/1.1" 304 0
"GET /about/ HTTP/1.1" 200 18343
"GET /static/style.css HTTP/1.1" 304 0
"GET /about/ HTTP/1.1" 200 18368
"GET /static/style.css HTTP/1.1" 304 0
"GET /about/ HTTP/1.1" 200 18443
"GET /static/style.css HTTP/1.1" 304 0
"GET /about/ HTTP/1.1" 200 18442
"GET /about/ HTTP/1.1" 200 18393
"GET /static/style.css HTTP/1.1" 304 0
"GET /about/ HTTP/1.1" 200 18385
"GET / HTTP/1.1" 200 20281
"GET /static/style.css HTTP/1.1" 304 0
"GET /about/ HTTP/1.1" 200 18385
"GET / HTTP/1.1" 200 20281
"GET / HTTP/1.1" 200 20317
"GET /static/style.css HTTP/1.1" 304 0
"GET / HTTP/1.1" 200 20309
"GET /static/style.css HTTP/1.1" 304 0
"GET / HTTP/1.1" 200 20339
"GET / HTTP/1.1" 200 20263
"GET /static/style.css HTTP/1.1" 200 4889
"GET / HTTP/1.1" 200 19048
"GET /static/style.css HTTP/1.1" 304 0
Not Found: /href="/"
"GET /href=%22/%22 HTTP/1.1" 404 4244
"GET / HTTP/1.1" 200 19043
"GET / HTTP/1.1" 200 19043
"GET /posts/self HTTP/1.1" 200 18353
"GET /posts/self HTTP/1.1" 200 19573
"GET /posts/self HTTP/1.1" 200 19510
"GET /static/style.css HTTP/1.1" 304 0
"GET /posts/self HTTP/1.1" 200 19510
"GET /posts/self HTTP/1.1" 200 19489
"GET /about/ HTTP/1.1" 200 18283
"GET /tags/ HTTP/1.1" 200 15938
"GET / HTTP/1.1" 200 20179
"GET /?q= HTTP/1.1" 200 20179
"GET /?q=gfh HTTP/1.1" 200 16916
"GET /?q=%D1%81%D0%BC%D1%8B HTTP/1.1" 200 16916
"GET /?q= HTTP/1.1" 200 20179
"GET /?q=1 HTTP/1.1" 200 20179
"GET /?q=1 HTTP/1.1" 200 20179
"GET / HTTP/1.1" 200 19479
"GET /static/assets/vendors/custom/fullcalendar/fullcalendar.bundle.css HTTP/1.1" 200 16538
"GET /static/assets/vendors/base/vendors.bundle.css HTTP/1.1" 200 346285
"GET /static/style.css HTTP/1.1" 200 4889
"GET /static/assets/demo/default/media/img/misc/project.png HTTP/1.1" 200 38261
"GET /static/assets/demo/default/base/scripts.bundle.js HTTP/1.1" 200 125324
"GET /static/assets/demo/default/base/style.bundle.css HTTP/1.1" 200 1482577
"GET /static/assets/vendors/base/vendors.bundle.js HTTP/1.1" 200 1720576
"GET /static/assets/vendors/custom/fullcalendar/fullcalendar.bundle.js HTTP/1.1" 200 217535
"GET /static/assets/vendors/base/fonts/line-awesome/line-awesome.woff2?v=1.1. HTTP/1.1" 200 45108
"GET /static/assets/vendors/base/fonts/flaticon/Flaticon.woff HTTP/1.1" 200 45796
"GET /static/assets/demo/default/media/img/logo/report.svg HTTP/1.1" 200 5321
"GET /static/assets/vendors/base/fonts/metronic/Metronic_fda1334c35d0f5fe2afb3afebbb6774a.woff2 HTTP/1.1" 200 788
"GET /static/assets/demo/default/media/img/misc/background.jpg HTTP/1.1" 200 22245
"GET /accounts/login/ HTTP/1.1" 200 16288
"POST /accounts/login/ HTTP/1.1" 302 0
"GET / HTTP/1.1" 200 20179
"GET / HTTP/1.1" 200 20179
"GET /accounts/logout/ HTTP/1.1" 302 0
"GET / HTTP/1.1" 200 19479
"GET /register/ HTTP/1.1" 200 19046
"GET /accounts/login/ HTTP/1.1" 200 17290
"GET / HTTP/1.1" 200 19479
"GET /register/ HTTP/1.1" 200 19046
"GET / HTTP/1.1" 200 19479
"GET /accounts/login/ HTTP/1.1" 200 17290
"GET / HTTP/1.1" 200 19479
"GET /register/ HTTP/1.1" 200 19046
"GET / HTTP/1.1" 200 19479
"GET /accounts/login/ HTTP/1.1" 200 17290
"POST /accounts/login/ HTTP/1.1" 302 0
"GET / HTTP/1.1" 200 20179
"GET /post/delete/1/ HTTP/1.1" 200 16142
"GET / HTTP/1.1" 200 20179
"GET / HTTP/1.1" 200 20179
"GET / HTTP/1.1" 200 20179
"GET /post/delete/1/ HTTP/1.1" 200 16142
"POST /post/delete/1/ HTTP/1.1" 302 0
"GET / HTTP/1.1" 200 16916
"GET / HTTP/1.1" 200 16916
"GET /post/new/ HTTP/1.1" 200 17283
"GET /tags/ HTTP/1.1" 200 15938
"GET /tag/new/ HTTP/1.1" 200 16574
"POST /tag/new/ HTTP/1.1" 302 0
"GET /tags HTTP/1.1" 301 0
"GET /tags/ HTTP/1.1" 200 16052
"GET /tag/new/ HTTP/1.1" 200 16574
"POST /tag/new/ HTTP/1.1" 302 0
"GET /tags HTTP/1.1" 301 0
"GET /tags/ HTTP/1.1" 200 16166
"GET /tag/new/ HTTP/1.1" 200 16574
"POST /tag/new/ HTTP/1.1" 302 0
"GET /tags HTTP/1.1" 301 0
"GET /tags/ HTTP/1.1" 200 16282
"GET /tag/new/ HTTP/1.1" 200 16574
"POST /tag/new/ HTTP/1.1" 302 0
"GET /tags HTTP/1.1" 301 0
"GET /tags/ HTTP/1.1" 200 16506
"GET /tag/new/ HTTP/1.1" 200 16574
"POST /tag/new/ HTTP/1.1" 302 0
"GET /tags HTTP/1.1" 301 0
"GET /tags/ HTTP/1.1" 200 16706
"GET / HTTP/1.1" 200 16916
"GET /accounts/logout/ HTTP/1.1" 302 0
"GET / HTTP/1.1" 200 16840
"GET /accounts/login/ HTTP/1.1" 200 17290
"POST /accounts/login/ HTTP/1.1" 302 0
"GET / HTTP/1.1" 200 16899
"GET / HTTP/1.1" 200 16899
"GET /post/new/ HTTP/1.1" 200 17482
"POST /post/new/ HTTP/1.1" 302 0
"GET / HTTP/1.1" 200 19518
"GET /post/new/ HTTP/1.1" 200 17482
"POST /post/new/ HTTP/1.1" 302 0
"GET / HTTP/1.1" 200 22137
"GET /post/new/ HTTP/1.1" 200 17482
"POST /post/new/ HTTP/1.1" 302 0
"GET / HTTP/1.1" 200 24855
"GET /post/new/ HTTP/1.1" 200 17482
"POST /post/new/ HTTP/1.1" 302 0
"GET / HTTP/1.1" 200 27545
"GET /accounts/logout/ HTTP/1.1" 302 0
"GET / HTTP/1.1" 200 27486
"GET /accounts/login/ HTTP/1.1" 200 17290
"POST /accounts/login/ HTTP/1.1" 302 0
"GET / HTTP/1.1" 200 30058
"GET /tags/ HTTP/1.1" 200 16706
"GET /tag/new/ HTTP/1.1" 200 16574
"POST /tag/new/ HTTP/1.1" 302 0
"GET /tags HTTP/1.1" 301 0
"GET /tags/ HTTP/1.1" 200 16878
"GET /accounts/logout/ HTTP/1.1" 302 0
"GET / HTTP/1.1" 200 27486
"GET /accounts/login/ HTTP/1.1" 200 17290
"POST /accounts/login/ HTTP/1.1" 302 0
"GET / HTTP/1.1" 200 27545
"GET /posts/self HTTP/1.1" 200 29409
"GET /post/edit/7/ HTTP/1.1" 200 18275
"POST /post/edit/7/ HTTP/1.1" 302 0
"GET / HTTP/1.1" 200 27633
"GET /posts/self HTTP/1.1" 200 29497
"GET /post/edit/8/ HTTP/1.1" 200 18267
"POST /post/edit/8/ HTTP/1.1" 302 0
"GET / HTTP/1.1" 200 27721
"GET /accounts/logout/ HTTP/1.1" 302 0
"GET / HTTP/1.1" 200 27662
"GET /accounts/login/ HTTP/1.1" 200 17290
"POST /accounts/login/ HTTP/1.1" 302 0
"GET / HTTP/1.1" 200 30234
"GET /post/new/ HTTP/1.1" 200 17546
"POST /post/new/ HTTP/1.1" 302 0
"GET / HTTP/1.1" 200 33478
"GET /post/new/ HTTP/1.1" 200 17546
"POST /post/new/ HTTP/1.1" 302 0
"GET / HTTP/1.1" 200 36724
"GET /post/new/ HTTP/1.1" 200 17546
"POST /post/new/ HTTP/1.1" 302 0
"GET / HTTP/1.1" 200 40157
"GET /post/new/ HTTP/1.1" 200 17546
"POST /post/new/ HTTP/1.1" 302 0
"GET / HTTP/1.1" 200 43562
"GET /post/new/ HTTP/1.1" 200 17546
"POST /post/new/ HTTP/1.1" 302 0
"GET / HTTP/1.1" 200 46814
"GET /post/new/ HTTP/1.1" 200 17546
"GET /post/download/13/ HTTP/1.1" 200 75415
"GET / HTTP/1.1" 200 46814
"GET /post/delete/13/ HTTP/1.1" 200 16126
"POST /post/delete/13/ HTTP/1.1" 302 0
"GET / HTTP/1.1" 200 43562
"GET /post/new/ HTTP/1.1" 200 17546
"POST /post/new/ HTTP/1.1" 302 0
"GET / HTTP/1.1" 200 46814
"GET /post/new/ HTTP/1.1" 200 17546
"POST /post/new/ HTTP/1.1" 302 0
"GET / HTTP/1.1" 200 50066
"GET /post/new/ HTTP/1.1" 200 17546
"POST /post/new/ HTTP/1.1" 302 0
"GET / HTTP/1.1" 200 53505
"GET /post/new/ HTTP/1.1" 200 17546
"POST /post/new/ HTTP/1.1" 302 0
"GET / HTTP/1.1" 200 56880
"GET /post/new/ HTTP/1.1" 200 17546
"GET /accounts/logout/ HTTP/1.1" 302 0
"GET / HTTP/1.1" 200 49309
"GET /accounts/login/ HTTP/1.1" 200 17290
"POST /accounts/login/ HTTP/1.1" 302 0
"GET / HTTP/1.1" 200 49368
"GET /post/new/ HTTP/1.1" 200 17529
"POST /post/new/ HTTP/1.1" 302 0
"GET / HTTP/1.1" 200 51990
"GET /post/new/ HTTP/1.1" 200 17529
"POST /post/new/ HTTP/1.1" 302 0
"GET / HTTP/1.1" 200 54612
"GET /post/new/ HTTP/1.1" 200 17529
"POST /post/new/ HTTP/1.1" 302 0
"GET / HTTP/1.1" 200 57421
"GET /post/new/ HTTP/1.1" 200 17529
"POST /post/new/ HTTP/1.1" 302 0
"GET / HTTP/1.1" 200 60202
"GET /post/new/ HTTP/1.1" 200 17529
"GET /accounts/logout/ HTTP/1.1" 302 0
"GET / HTTP/1.1" 200 60143
"GET /register/ HTTP/1.1" 200 19142
"GET /register/ HTTP/1.1" 200 19142
"GET /register/ HTTP/1.1" 200 19142
"GET /static/style.css HTTP/1.1" 200 4934
"GET /static/assets/vendors/custom/fullcalendar/fullcalendar.bundle.css HTTP/1.1" 200 16538
"GET /static/assets/demo/default/media/img/misc/project.png HTTP/1.1" 200 38261
"GET /static/assets/vendors/base/vendors.bundle.css HTTP/1.1" 200 346285
"GET /static/assets/demo/default/base/scripts.bundle.js HTTP/1.1" 200 125324
"GET /static/assets/demo/default/base/style.bundle.css HTTP/1.1" 200 1482577
"GET /static/assets/vendors/base/vendors.bundle.js HTTP/1.1" 200 1720576
"GET /static/assets/vendors/custom/fullcalendar/fullcalendar.bundle.js HTTP/1.1" 200 217535
"GET /static/assets/vendors/base/fonts/line-awesome/line-awesome.woff2?v=1.1. HTTP/1.1" 200 45108
"GET /static/assets/vendors/base/fonts/flaticon/Flaticon.woff HTTP/1.1" 200 45796
"GET /static/assets/demo/default/media/img/logo/report.svg HTTP/1.1" 200 5321
"GET /register/ HTTP/1.1" 200 19142
"GET /static/style.css HTTP/1.1" 304 0
"GET / HTTP/1.1" 200 60143
"GET /static/assets/demo/default/media/img/misc/background.jpg HTTP/1.1" 200 22245
"GET /static/assets/vendors/base/fonts/metronic/Metronic_fda1334c35d0f5fe2afb3afebbb6774a.woff2 HTTP/1.1" 200 788
"GET /accounts/login/ HTTP/1.1" 200 17290
"POST /accounts/login/ HTTP/1.1" 302 0
"GET / HTTP/1.1" 200 70214
"GET /tags/java/ HTTP/1.1" 200 24657
"GET /static/style.css HTTP/1.1" 304 0
"GET /tags/%D0%BE%D1%82%D1%87%D0%B5%D1%82/ HTTP/1.1" 200 33406
"GET /tags/ HTTP/1.1" 200 16878
"GET /tag/new/ HTTP/1.1" 200 16606
"GET / HTTP/1.1" 200 70214
"GET /post/new/ HTTP/1.1" 200 17601
"POST /post/new/ HTTP/1.1" 302 0
"GET / HTTP/1.1" 200 73327
"GET /post/delete/22/ HTTP/1.1" 200 16048
"POST /post/delete/22/ HTTP/1.1" 302 0
"GET / HTTP/1.1" 200 70214
"GET /post/new/ HTTP/1.1" 200 17601
"GET /post/new/ HTTP/1.1" 200 17601
"GET /static/style.css HTTP/1.1" 304 0
"GET / HTTP/1.1" 200 70214
"GET / HTTP/1.1" 200 70214
"GET / HTTP/1.1" 200 70630
"GET /static/style.css HTTP/1.1" 304 0
"GET / HTTP/1.1" 200 70630
"GET / HTTP/1.1" 200 70630
"GET / HTTP/1.1" 200 70630
"GET /static/style.css HTTP/1.1" 304 0
"GET / HTTP/1.1" 200 70640
"GET / HTTP/1.1" 200 70640
"GET / HTTP/1.1" 200 70640
"GET / HTTP/1.1" 200 70640
"GET / HTTP/1.1" 200 70640
"GET /static/style.css HTTP/1.1" 304 0
"GET /?page=1 HTTP/1.1" 200 70640
"GET /?page=1 HTTP/1.1" 200 70640
"GET / HTTP/1.1" 200 70214
"GET /tags/%D1%81%D0%BA%D1%80%D0%B8%D0%BD%D1%88%D0%BE%D1%82/ HTTP/1.1" 200 33581
"GET /tags/ HTTP/1.1" 200 16878
"GET /tags/%D0%BE%D1%82%D1%87%D0%B5%D1%82/ HTTP/1.1" 200 33406
"GET /tags/php/ HTTP/1.1" 200 24659
"GET /tags/%D0%B7%D0%B0%D0%B3%D1%80%D1%83%D0%B7%D0%BA%D0%B0%20%D1%84%D0%B0%D0%B9%D0%BB%D0%BE%D0%B2/ HTTP/1.1" 200 24733
"GET / HTTP/1.1" 200 70214
"GET /about/ HTTP/1.1" 200 18283
"GET /about/ HTTP/1.1" 200 18266
"GET /static/style.css HTTP/1.1" 304 0
"GET /about/ HTTP/1.1" 200 18266
"GET /static/style.css HTTP/1.1" 304 0
"GET /static/assets/demo/default/media/img/misc/project.png HTTP/1.1" 304 0
"GET /static/assets/demo/default/media/img/logo/report.svg HTTP/1.1" 304 0
"GET /accounts/logout/ HTTP/1.1" 302 0
"GET / HTTP/1.1" 200 60143
"GET /register/ HTTP/1.1" 200 19142
"POST /register/ HTTP/1.1" 302 0
"GET / HTTP/1.1" 200 60143
"GET /accounts/login/ HTTP/1.1" 200 17290
"POST /accounts/login/ HTTP/1.1" 302 0
"GET / HTTP/1.1" 200 60210
"GET / HTTP/1.1" 200 60210
"GET /posts/self HTTP/1.1" 200 16462
"GET /posts/self HTTP/1.1" 200 15913
"GET /posts/self HTTP/1.1" 200 15913
"GET / HTTP/1.1" 200 60210
"GET /posts/self HTTP/1.1" 200 15913
"GET /posts/self HTTP/1.1" 200 15991
"GET / HTTP/1.1" 200 68381
"GET /static/style.css HTTP/1.1" 304 0
"GET / HTTP/1.1" 200 58414
"GET / HTTP/1.1" 200 58414
"GET / HTTP/1.1" 200 58414
"GET / HTTP/1.1" 200 58414
"GET /posts/self HTTP/1.1" 200 16520
"GET /posts/self HTTP/1.1" 200 16537
"GET /posts/self HTTP/1.1" 200 16537
"GET /static/assets/vendors/custom/fullcalendar/fullcalendar.bundle.css HTTP/1.1" 200 16538
"GET /static/assets/demo/default/media/img/misc/project.png HTTP/1.1" 200 38261
"GET /static/style.css HTTP/1.1" 200 4934
"GET /static/assets/vendors/base/vendors.bundle.css HTTP/1.1" 200 346285
"GET /static/assets/demo/default/base/scripts.bundle.js HTTP/1.1" 200 125324
"GET /static/assets/vendors/custom/fullcalendar/fullcalendar.bundle.js HTTP/1.1" 200 217535
"GET /static/assets/demo/default/base/style.bundle.css HTTP/1.1" 200 1482577
"GET /static/assets/vendors/base/vendors.bundle.js HTTP/1.1" 200 1720576
"GET /static/assets/vendors/base/fonts/line-awesome/line-awesome.woff2?v=1.1. HTTP/1.1" 200 45108
"GET /static/assets/vendors/base/fonts/flaticon/Flaticon.woff HTTP/1.1" 200 45796
"GET /static/assets/demo/default/media/img/logo/report.svg HTTP/1.1" 200 5321
"GET / HTTP/1.1" 200 58414
"GET /static/assets/demo/default/media/img/misc/background.jpg HTTP/1.1" 200 22245
"GET /static/assets/vendors/base/fonts/metronic/Metronic_fda1334c35d0f5fe2afb3afebbb6774a.woff2 HTTP/1.1" 200 788
"GET /accounts/logout/ HTTP/1.1" 302 0
"GET / HTTP/1.1" 200 58347
"GET /accounts/login/ HTTP/1.1" 200 17290
"POST /accounts/login/ HTTP/1.1" 302 0
"GET / HTTP/1.1" 200 68034
"GET /posts/self HTTP/1.1" 200 43003
"GET /post/new/ HTTP/1.1" 200 17601
"GET /tags/ HTTP/1.1" 200 16878
"GET /tags/%D0%BE%D1%82%D1%87%D0%B5%D1%82/ HTTP/1.1" 200 33406
"GET /tags/%D0%B7%D0%B0%D0%B3%D1%80%D1%83%D0%B7%D0%BA%D0%B0%20%D1%84%D0%B0%D0%B9%D0%BB%D0%BE%D0%B2/ HTTP/1.1" 200 24733
"GET /about/ HTTP/1.1" 200 18266
"GET /tags/ HTTP/1.1" 200 16878
"GET /tag/new/ HTTP/1.1" 200 16606
"GET /tags/ HTTP/1.1" 200 16878
"GET /tag/new/ HTTP/1.1" 200 16606
"GET /posts/self HTTP/1.1" 200 43003
"GET /tags/ HTTP/1.1" 200 16878
"GET /tags/%D0%B7%D0%B0%D0%B3%D1%80%D1%83%D0%B7%D0%BA%D0%B0%20%D1%84%D0%B0%D0%B9%D0%BB%D0%BE%D0%B2/ HTTP/1.1" 200 24733
"GET /tags/ HTTP/1.1" 200 16878
"GET /tags/%D0%B7%D0%B0%D0%B3%D1%80%D1%83%D0%B7%D0%BA%D0%B0%20%D1%84%D0%B0%D0%B9%D0%BB%D0%BE%D0%B2/ HTTP/1.1" 200 24733
"GET /tags/%D0%B7%D0%B0%D0%B3%D1%80%D1%83%D0%B7%D0%BA%D0%B0%20%D1%84%D0%B0%D0%B9%D0%BB%D0%BE%D0%B2/ HTTP/1.1" 200 24775
"GET /tags/%D0%B7%D0%B0%D0%B3%D1%80%D1%83%D0%B7%D0%BA%D0%B0%20%D1%84%D0%B0%D0%B9%D0%BB%D0%BE%D0%B2/ HTTP/1.1" 200 24744
"GET / HTTP/1.1" 200 68034
"GET /static/style.css HTTP/1.1" 304 0
"GET /static/assets/demo/default/media/img/misc/project.png HTTP/1.1" 304 0
"GET /static/assets/demo/default/media/img/logo/report.svg HTTP/1.1" 304 0
"GET /tags/ HTTP/1.1" 200 16878
"GET /tag/new/ HTTP/1.1" 200 16606
"POST /tag/new/ HTTP/1.1" 302 0
"GET /tags HTTP/1.1" 301 0
"GET /tags/ HTTP/1.1" 200 17018
"GET /tags/%D1%82%D0%B5%D1%81%D1%82/ HTTP/1.1" 200 16214
"GET /admin HTTP/1.1" 301 0
"GET /admin/ HTTP/1.1" 200 4502
"GET /static/admin/css/dashboard.css HTTP/1.1" 200 412
"GET /static/admin/css/responsive.css HTTP/1.1" 200 17944
"GET /static/admin/css/base.css HTTP/1.1" 200 16378
"GET /static/admin/css/fonts.css HTTP/1.1" 200 423
"GET /static/admin/img/icon-changelink.svg HTTP/1.1" 200 380
"GET /static/admin/img/icon-addlink.svg HTTP/1.1" 200 331
"GET /static/admin/fonts/Roboto-Bold-webfont.woff HTTP/1.1" 200 86184
"GET /static/admin/fonts/Roboto-Regular-webfont.woff HTTP/1.1" 200 85876
"GET /static/admin/fonts/Roboto-Light-webfont.woff HTTP/1.1" 200 85692
Not Found: /favicon.ico
"GET /favicon.ico HTTP/1.1" 404 4227
"GET /admin/uploader/tag/ HTTP/1.1" 200 6386
"GET /static/admin/js/core.js HTTP/1.1" 200 7135
"GET /admin/jsi18n/ HTTP/1.1" 200 14871
"GET /static/admin/js/jquery.init.js HTTP/1.1" 200 363
"GET /static/admin/js/admin/RelatedObjectLookups.js HTTP/1.1" 200 6918
"GET /static/admin/js/actions.js HTTP/1.1" 200 6538
"GET /static/admin/js/vendor/jquery/jquery.js HTTP/1.1" 200 271751
"GET /static/admin/js/urlify.js HTTP/1.1" 200 8972
"GET /static/admin/js/prepopulate.js HTTP/1.1" 200 1530
"GET /static/admin/js/vendor/xregexp/xregexp.js HTTP/1.1" 200 128820
"GET /static/admin/css/changelists.css HTTP/1.1" 200 6170
"GET /static/admin/img/tooltag-add.svg HTTP/1.1" 200 331
"POST /admin/uploader/tag/ HTTP/1.1" 200 3629
"GET /static/admin/js/cancel.js HTTP/1.1" 200 410
"POST /admin/uploader/tag/ HTTP/1.1" 302 0
"GET /admin/uploader/tag/ HTTP/1.1" 200 6294
"GET /admin/jsi18n/ HTTP/1.1" 200 14871
"GET /static/admin/img/icon-yes.svg HTTP/1.1" 200 436
"GET /tags/ HTTP/1.1" 200 16878
"GET /admin/ HTTP/1.1" 200 4770
"GET /static/admin/img/icon-deletelink.svg HTTP/1.1" 200 392
"GET /tags/ HTTP/1.1" 200 16878
"GET /tags/ HTTP/1.1" 200 16878
"GET / HTTP/1.1" 200 68034
"GET /accounts/logout/ HTTP/1.1" 302 0
"GET / HTTP/1.1" 200 58347
"GET /?q=%D0%BE%D1%82 HTTP/1.1" 200 58347
"GET /?q=%D0%BE%D1%82%D1%87%D0%B5%D1%82 HTTP/1.1" 200 36917
"GET /tags/ HTTP/1.1" 200 16805
"GET /tags/%D0%BE%D1%82%D1%87%D0%B5%D1%82/ HTTP/1.1" 200 34017
"GET / HTTP/1.1" 200 58347
"GET /tags/java/ HTTP/1.1" 200 25268
"GET /about/ HTTP/1.1" 200 18866
"GET /accounts/login/ HTTP/1.1" 200 17290
"POST /accounts/login/ HTTP/1.1" 302 0
"GET / HTTP/1.1" 200 58406
"GET /post/new/ HTTP/1.1" 200 17584
"POST /post/new/ HTTP/1.1" 302 0
"GET / HTTP/1.1" 200 60841
"GET /posts/self HTTP/1.1" 200 46189
"GET /post/edit/23/ HTTP/1.1" 200 18171
"POST /post/edit/23/ HTTP/1.1" 302 0
"GET / HTTP/1.1" 200 60807
"GET /posts/self HTTP/1.1" 200 46155
"GET /post/delete/23/ HTTP/1.1" 200 16023
"GET / HTTP/1.1" 200 60807
"GET /posts/self HTTP/1.1" 200 46155
"GET /post/edit/23/ HTTP/1.1" 200 18171
"GET /tags/ HTTP/1.1" 200 16188
"GET /tags/python/ HTTP/1.1" 200 22441
"GET /posts/self HTTP/1.1" 200 46155
"GET /post/delete/23/ HTTP/1.1" 200 16023
"GET / HTTP/1.1" 200 60807
"GET /accounts/logout/ HTTP/1.1" 302 0
"GET / HTTP/1.1" 200 60748
"GET /accounts/login/ HTTP/1.1" 200 17290
"POST /accounts/login/ HTTP/1.1" 302 0
"GET / HTTP/1.1" 200 71036
"GET /tags/ HTTP/1.1" 200 16878
"GET /tag/new/ HTTP/1.1" 200 16606
"POST /tag/new/ HTTP/1.1" 302 0
"GET /tags HTTP/1.1" 301 0
"GET /tags/ HTTP/1.1" 200 17018
"GET /tags/%D1%82%D0%B5%D1%81%D1%82/ HTTP/1.1" 200 16214
"GET / HTTP/1.1" 200 71036
"GET /post/delete/23/ HTTP/1.1" 200 16040
"POST /post/delete/23/ HTTP/1.1" 302 0
"GET / HTTP/1.1" 200 68034
"GET /tags/%D1%81%D0%BA%D1%80%D0%B8%D0%BD%D1%88%D0%BE%D1%82/ HTTP/1.1" 200 33592
"GET /posts/self HTTP/1.1" 200 43003
"GET /posts/self HTTP/1.1" 200 43053
"GET /static/assets/demo/default/base/style.bundle.css HTTP/1.1" 304 0
"GET /static/assets/demo/default/media/img/misc/project.png HTTP/1.1" 304 0
"GET /static/style.css HTTP/1.1" 304 0
"GET /static/assets/demo/default/media/img/logo/report.svg HTTP/1.1" 304 0
"GET /accounts/logout/ HTTP/1.1" 302 0
"GET / HTTP/1.1" 200 57770
"GET / HTTP/1.1" 200 57770
"GET /static/assets/vendors/custom/fullcalendar/fullcalendar.bundle.css HTTP/1.1" 200 16538
"GET /static/style.css HTTP/1.1" 200 4934
"GET /static/assets/vendors/base/vendors.bundle.css HTTP/1.1" 200 346285
"GET /static/assets/demo/default/media/img/misc/project.png HTTP/1.1" 200 38261
"GET /static/assets/vendors/custom/fullcalendar/fullcalendar.bundle.js HTTP/1.1" 200 217535
"GET /static/assets/demo/default/base/scripts.bundle.js HTTP/1.1" 200 125324
"GET /static/assets/demo/default/base/style.bundle.css HTTP/1.1" 200 1482577
"GET /static/assets/vendors/base/vendors.bundle.js HTTP/1.1" 200 1720576
"GET /static/assets/vendors/base/fonts/line-awesome/line-awesome.woff2?v=1.1. HTTP/1.1" 200 45108
"GET /static/assets/vendors/base/fonts/flaticon/Flaticon.woff HTTP/1.1" 200 45796
"GET /static/assets/demo/default/media/img/logo/report.svg HTTP/1.1" 200 5321
"GET / HTTP/1.1" 200 57770
"GET /static/style.css HTTP/1.1" 200 4934
"GET /static/assets/vendors/custom/fullcalendar/fullcalendar.bundle.css HTTP/1.1" 200 16538
"GET /static/assets/demo/default/media/img/misc/project.png HTTP/1.1" 200 38261
"GET /static/assets/vendors/base/vendors.bundle.css HTTP/1.1" 200 346285
"GET /static/assets/demo/default/base/scripts.bundle.js HTTP/1.1" 200 125324
"GET /static/assets/vendors/custom/fullcalendar/fullcalendar.bundle.js HTTP/1.1" 200 217535
"GET /static/assets/demo/default/base/style.bundle.css HTTP/1.1" 200 1482577
"GET /static/assets/vendors/base/vendors.bundle.js HTTP/1.1" 200 1720576
"GET /static/assets/vendors/base/fonts/line-awesome/line-awesome.woff2?v=1.1. HTTP/1.1" 200 45108
"GET /static/assets/vendors/base/fonts/flaticon/Flaticon.woff HTTP/1.1" 200 45796
"GET /static/assets/demo/default/media/img/logo/report.svg HTTP/1.1" 200 5321
"GET / HTTP/1.1" 200 57770
"GET /static/assets/vendors/base/fonts/metronic/Metronic_fda1334c35d0f5fe2afb3afebbb6774a.woff2 HTTP/1.1" 200 788
"GET /static/assets/demo/default/media/img/misc/background.jpg HTTP/1.1" 200 22245
"GET /accounts/login/ HTTP/1.1" 200 16713
"POST /accounts/login/ HTTP/1.1" 302 0
"GET / HTTP/1.1" 200 68084
"GET /posts/self HTTP/1.1" 200 43053
"GET /accounts/logout/ HTTP/1.1" 302 0
"GET / HTTP/1.1" 200 57770
"GET /accounts/login/ HTTP/1.1" 200 16713
